[greboid/irc-github] greboid created branch test_branch from branch master - https://github.com/greboid/irc-github/compare/test_branch